[backblue.gif]
[fade.gif]
[index.html]
[www.google-analytics.com/analytics.js]
[d13pxqgp3ixdbh.cloudfront.net/assets/landing_pages/favicon16.png]
[browser.sentry-cdn.com/5.20.1/bundle.min.js]
[connect.facebook.net/en_US/sdk.js]
[d13pxqgp3ixdbh.cloudfront.net/assets/landing_pages/thumbnail.png]
[d13pxqgp3ixdbh.cloudfront.net/uploads/161063949692b89bd76c2b4b524bc65547d69db956.png]
[d13pxqgp3ixdbh.cloudfront.net/api_uploads/14695289640b4fd4b01bad9b47a79f53815f067538.jpg]
[www.facebook.com/images/ufi/fbfeed/like.png]
[d13pxqgp3ixdbh.cloudfront.net/api_uploads/1469528964ca399c687c1e6b531460d5a28288799f.jpg]
[d13pxqgp3ixdbh.cloudfront.net/api_uploads/1469528961583b2dbf531b948eae7a4d8f97c97c7c.jpg]
[d13pxqgp3ixdbh.cloudfront.net/api_uploads/146952895535e152e41f29c290f51c3044fb62a025.jpg]
[d13pxqgp3ixdbh.cloudfront.net/api_uploads/1469528967c8b24744e210bac76a5a7fffb7beade1.jpg]
[d13pxqgp3ixdbh.cloudfront.net/api_uploads/1469528955b3ab008f786de5e84e8b823e95880d37.jpg]
[d13pxqgp3ixdbh.cloudfront.net/api_uploads/1469528955eb9b970fb68f5193029245548fa365fb.jpg]
[d13pxqgp3ixdbh.cloudfront.net/api_uploads/1469528965f7210a3834f50b9cdf7c19955ab9eac1.jpg]
[www.facebook.com/images/like/icons/fav.png]
[d13nu0oomnx5ti.cloudfront.net/e221f19.js]
[cpbild.co/049cc9b.html]
[d13pxqgp3ixdbh.cloudfront.net/assets/landing_pages/style.min.css]
[d13pxqgp3ixdbh.cloudfront.net/assets/landing_pages/nouislider.min.css]
[d13pxqgp3ixdbh.cloudfront.net/assets/landing_pages/fa/css/font-awesome.min.css]
[d13pxqgp3ixdbh.cloudfront.net/assets/landing_pages/sweetAlert.css]
[d13pxqgp3ixdbh.cloudfront.net/assets/landing_pages/facebook-comments.css]
[d13pxqgp3ixdbh.cloudfront.net/assets/content_lockers/css_front.css]
[connect.facebook.net/en_US/sdk.js]
[d13pxqgp3ixdbh.cloudfront.net/assets/landing_pages/jquery.min.js]
[d13pxqgp3ixdbh.cloudfront.net/assets/landing_pages/tether.min.js]
[d13pxqgp3ixdbh.cloudfront.net/assets/landing_pages/bootstrap.min.js]
[d13pxqgp3ixdbh.cloudfront.net/assets/landing_pages/nouislider.min.js]
[d13pxqgp3ixdbh.cloudfront.net/assets/landing_pages/adminplus.js]
[d13pxqgp3ixdbh.cloudfront.net/assets/landing_pages/main.min.js]
[d13pxqgp3ixdbh.cloudfront.net/assets/landing_pages/block.js]
[d13pxqgp3ixdbh.cloudfront.net/assets/landing_pages/sweetAlert.js]
